========================================
  vmpacker - ARM64 ELF VMP ??????
========================================
[*] ???: demo\demo_split_packed
[*] ???: demo\vmp_phA
[*] ??????: []

[*] ELF: EM_AARCH64, Type: ET_EXEC
[*] VM interp blob: 7744 bytes

[*] Processing: stub_phase_A
    Addr: 0x100013C0, Size: 256 bytes, Section: __LOAD_X
    Instructions: 64
    Translated: 64/64
    Bytecode: 999 bytes

[*] Injecting 1 functions...
    Payload at file offset: 0x46000, VA: 0x10050000, size: 8804
    VM interp VA: 0x10050000
    [stub_phase_A] bytecode VA: 0x10051E28, len: 1083
    PT_NOTE[1] -> PT_LOAD RX: off=0x46000 va=0x10050000 sz=0x2264
    [+] stub_phase_A VMP protected

[+] Output: demo\vmp_phA

[+] VMP ??????!
