========================================
  vmpacker - ARM64 ELF VMP ??????
========================================
[*] ???: demo\demo_split_packed
[*] ???: demo\vmp_phF5
[*] ??????: []

[*] ELF: EM_AARCH64, Type: ET_EXEC
[*] VM interp blob: 7744 bytes

[*] Processing: stub_phase_F
    Addr: 0x10001700, Size: 648 bytes, Section: __LOAD_X
    Instructions: 162
    --- Disasm ---
    0x0000: STP          raw=0xA9BD7BFD
    0x0004: ADD(imm)     raw=0x910003FD
    0x0008: STP          raw=0xA90153F3
    0x000C: ORR(reg)     raw=0xAA0003F3
    0x0010: LDR(imm)     raw=0xF9400C14
    0x0014: CBZ          raw=0xB4000094
    0x0018: ADRP         raw=0x90000000
    0x001C: LDR(imm)     raw=0xB94D1400
    0x0020: TBNZ         raw=0x37180F20
    0x0024: LDR(imm)     raw=0xB9404E60
    0x0028: LDRB(imm)    raw=0x39418261
    0x002C: LDR(imm)     raw=0xF9405A6A
    0x0030: SUBS(imm)    raw=0x7100043F
    0x0034: ORR(reg)     raw=0x2A0003E8
    0x0038: B.cond       raw=0x540009E0
    0x003C: LDR(imm)     raw=0xF9402E61
    0x0040: LDR(imm)     raw=0xB9407A67
    0x0044: ORR(reg)     raw=0xAA0A03E6
    0x0048: ADD(reg)     raw=0x8B080028
    0x004C: MOVZ         raw=0x52B00000
    0x0050: MOVN         raw=0x1280000B
    0x0054: MOVZ         raw=0x529FFFE9
    0x0058: ADD(ext)     raw=0x8B274147
    0x005C: STR(imm)     raw=0xF900626A
    0x0060: STR(imm)     raw=0xB900CA7F
    0x0064: STR(imm)     raw=0xF90013A1
    0x0068: STR(imm)     raw=0xB9002BA0
    0x006C: NOP          raw=0xD503201F
    0x0070: ADD(imm)     raw=0x910083A0
    0x0074: BL           raw=0x97FFFE41
    0x0078: CBZ          raw=0x340001C0
    0x007C: SUBS(reg)    raw=0xEB0600FF
    0x0080: B.cond       raw=0x54000789
    0x0084: LDR(imm)     raw=0xF94013A0
    0x0088: SUBS(reg)    raw=0xEB00011F
    0x008C: B.cond       raw=0x54000723
    0x0090: ADD(imm)     raw=0x91000401
    0x0094: ADD(imm)     raw=0x910004C6
    0x0098: STR(imm)     raw=0xF90013A1
    0x009C: LDRB(imm)    raw=0x39400000
    0x00A0: STRB(imm)    raw=0x381FF0C0
    0x00A4: ADD(imm)     raw=0x910083A0
    0x00A8: BL           raw=0x97FFFE34
    0x00AC: CBNZ         raw=0x35FFFE80
    0x00B0: ADD(imm)     raw=0x910083A0
    0x00B4: BL           raw=0x97FFFE41
    0x00B8: SUBS(imm)    raw=0x71000C00
    0x00BC: B.cond       raw=0x54000164
    0x00C0: LDR(imm)     raw=0xF94013A1
    0x00C4: SUBS(reg)    raw=0xEB01011F
    0x00C8: B.cond       raw=0x54000543
    0x00CC: ADD(imm)     raw=0x91000422
    0x00D0: STR(imm)     raw=0xF90013A2
    0x00D4: LDRB(imm)    raw=0x39400021
    0x00D8: ORR(reg)     raw=0x2A002020
    0x00DC: SUBS(reg)    raw=0x6B09001F
    0x00E0: B.cond       raw=0x54000A40
    0x00E4: MVN          raw=0x2A2003EB
    0x00E8: ADD(imm)     raw=0x910083A0
    0x00EC: BL           raw=0x97FFFE23
    0x00F0: ORR(reg)     raw=0x2A0003E4
    0x00F4: ADD(imm)     raw=0x910083A0
    0x00F8: BL           raw=0x97FFFE20
    0x00FC: ORR(reg)     raw=0x2A040400
    0x0100: CBZ          raw=0x34000260
    0x0104: ADDS(imm)    raw=0x3134017F
    0x0108: CSINC        raw=0x1A80A400
    0x010C: ADD(imm)     raw=0x11000401
    0x0110: ADD(ext)     raw=0x8B21C0C2
    0x0114: SUBS(reg)    raw=0xEB0200FF
    0x0118: B.cond       raw=0x540002C3
    0x011C: SUBS(imm)    raw=0x7100003F
    0x0120: B.cond       raw=0x54FFFA8D
    0x0124: ORR(reg)     raw=0x2A0003E0
    0x0128: SBFM         raw=0x93407D62
    0x012C: ADD(imm)     raw=0x91000400
    0x0130: ADD(reg)     raw=0x8B0000C0
    0x0134: NOP          raw=0xD503201F
    0x0138: LDRB(reg)    raw=0x386268C1
    0x013C: STRB(imm)    raw=0x380014C1
    0x0140: SUBS(reg)    raw=0xEB0000DF
    0x0144: B.cond       raw=0x54FFFFA1
    0x0148: B            raw=0x17FFFFCA
    0x014C: ADD(imm)     raw=0x910083A0
    0x0150: BL           raw=0x97FFFE1A
    0x0154: ADDS(imm)    raw=0x3134017F
    0x0158: ADD(imm)     raw=0x11000800
    0x015C: CSINC        raw=0x1A80A400
    0x0160: ADD(imm)     raw=0x11000401
    0x0164: ADD(ext)     raw=0x8B21C0C2
    0x0168: SUBS(reg)    raw=0xEB0200FF
    0x016C: B.cond       raw=0x54FFFD82
    0x0170: BL           raw=0x97FFFE22
    0x0174: LDRB(imm)    raw=0x39418661
    0x0178: CBZ          raw=0x34FFF621
    0x017C: LDR(imm)     raw=0xF9405E61
    0x0180: ADD(reg)     raw=0x8B010141
    0x0184: SUB(reg)     raw=0xCB080021
    0x0188: ORR(reg)     raw=0xAA0103E2
    0x018C: CBZ          raw=0x340006E0
    0x0190: MOVZ         raw=0x52800000
    0x0194: NOP          raw=0xD503201F
    0x0198: LDR(imm)     raw=0xF9402E63
    0x019C: LDRB(reg)    raw=0x38604863
    0x01A0: STRB(reg)    raw=0x38204823
    0x01A4: ADD(imm)     raw=0x11000400
    0x01A8: LDR(imm)     raw=0xB9404E63
    0x01AC: SUBS(reg)    raw=0x6B00007F
    0x01B0: B.cond       raw=0x54FFFF48
    0x01B4: LDRB(imm)    raw=0x39418667
    0x01B8: LDR(imm)     raw=0xF9403666
    0x01BC: CBZ          raw=0x340005C3
    0x01C0: ADD(imm)     raw=0x91000425
    0x01C4: SUB(imm)     raw=0x51000463
    0x01C8: ADD(reg)     raw=0x8B0300A5
    0x01CC: MOVZ         raw=0x52800000
    0x01D0: LDRB(reg)    raw=0x386048C3
    0x01D4: ADD(imm)     raw=0x11000400
    0x01D8: LDRB(imm)    raw=0x39400044
    0x01DC: SUBS(reg)    raw=0x6B0000FF
    0x01E0: CSEL         raw=0x1A9F1000
    0x01E4: EOR(reg)     raw=0x4A040063
    0x01E8: STRB(imm)    raw=0x38001443
    0x01EC: SUBS(reg)    raw=0xEB0200BF
    0x01F0: B.cond       raw=0x54FFFF01
    0x01F4: LDR(imm)     raw=0xB9404E68
    0x01F8: LDR(imm)     raw=0xF9405A6A
    0x01FC: STR(imm)     raw=0xF9002E61
    0x0200: B            raw=0x17FFFF90
    0x0204: BL           raw=0x94000375
    0x0208: STR(imm)     raw=0xF9001660
    0x020C: LDR(imm)     raw=0xB9404E60
    0x0210: LDRB(imm)    raw=0x39418261
    0x0214: LDR(imm)     raw=0xF9405A6A
    0x0218: SUBS(imm)    raw=0x7100043F
    0x021C: ORR(reg)     raw=0x2A0003E8
    0x0220: B.cond       raw=0x54FFF0E1
    0x0224: B            raw=0x17FFFFD4
    0x0228: SUB(reg)     raw=0xCB0A00C6
    0x022C: STR(imm)     raw=0xB900CA66
    0x0230: SUB(reg)     raw=0xCB080042
    0x0234: TBNZ         raw=0x37FFF9E2
    0x0238: LDR(imm)     raw=0xB9407A60
    0x023C: SUBS(reg)    raw=0x6B06001F
    0x0240: B.cond       raw=0x54FFF983
    0x0244: CBZ          raw=0xB40000D4
    0x0248: ADRP         raw=0x90000000
    0x024C: LDR(imm)     raw=0xB94D1400
    0x0250: TBZ          raw=0x36180060
    0x0254: BL           raw=0x94000361
    0x0258: STR(imm)     raw=0xF9001A60
    0x025C: LDP          raw=0xA94153F3
    0x0260: LDP          raw=0xA8C37BFD
    0x0264: RET          raw=0xD65F03C0
    0x0268: MOVZ         raw=0xD2800008
    0x026C: STR(imm)     raw=0xF9002E61
    0x0270: B            raw=0x17FFFF74
    0x0274: MOVZ         raw=0xD2800008
    0x0278: LDR(imm)     raw=0xF9405A6A
    0x027C: STR(imm)     raw=0xF9002E61
    0x0280: B            raw=0x17FFFF70
    0x0284: NOP          raw=0xD503201F
    --- End ---
    Translated: 162/162
    Bytecode: 2498 bytes
    [+] Debug: demo\vmp_phF5.debug.txt
      [REMAP] pc=0x0004 op=0x44 target: 0x006D ??0x04EE
      [REMAP] pc=0x001D op=0x44 target: 0x006D ??0x04EE
      [REMAP] pc=0x0063 op=0x16 target: 0x0451 ??0x0053
      [REMAP] pc=0x007C op=0x58 target: 0x0451 ??0x0053
      [REMAP] pc=0x0089 op=0x52 target: 0x02C4 ??0x022B
      [REMAP] pc=0x0099 op=0x17 target: 0x02C4 ??0x022B
      [REMAP] pc=0x00B1 op=0x44 target: 0x02CD ??0x0221
      [REMAP] pc=0x00B7 op=0xBB target: 0x0068 ??0x04F4
      [REMAP] pc=0x00EA op=0x44 target: 0x006D ??0x04EE
      [REMAP] pc=0x0102 op=0xBB target: 0x0365 ??0x016B
      [REMAP] pc=0x012B op=0x44 target: 0x039E ??0x0127
      [REMAP] pc=0x0135 op=0xBB target: 0x039B ??0x012B
      [REMAP] pc=0x018F op=0x58 target: 0x047E ??0x001D
      [REMAP] pc=0x01A8 op=0x65 target: 0x02FF ??0x01E4
      [REMAP] pc=0x01ED op=0x58 target: 0x046E ??0x0030
      [REMAP] pc=0x020E op=0x58 target: 0x0068 ??0x04F4
      [REMAP] pc=0x022B op=0x64 target: 0x0210 ??0x0300
      [REMAP] pc=0x025E op=0x44 target: 0x029C ??0x025A
      [REMAP] pc=0x0270 op=0x29 target: 0x0299 ??0x025E
      [REMAP] pc=0x02A7 op=0x44 target: 0x00B1 ??0x049C
      [REMAP] pc=0x02AD op=0xBB target: 0x0238 ??0x02D0
      [REMAP] pc=0x02F3 op=0x47 target: 0x00B1 ??0x049C
      [REMAP] pc=0x0300 op=0x52 target: 0x02C4 ??0x022B
      [REMAP] pc=0x0333 op=0x44 target: 0x01E8 ??0x032F
      [REMAP] pc=0x0345 op=0x29 target: 0x01E5 ??0x0333
      [REMAP] pc=0x035A op=0x58 target: 0x025A ??0x02A7
      [REMAP] pc=0x03B0 op=0x58 target: 0x0401 ??0x00B1
      [REMAP] pc=0x03E3 op=0x52 target: 0x02C4 ??0x022B
      [REMAP] pc=0x03F3 op=0x15 target: 0x0184 ??0x03A4
      [REMAP] pc=0x0422 op=0xBB target: 0x00CC ??0x047D
      [REMAP] pc=0x0463 op=0x52 target: 0x02C4 ??0x022B
      [REMAP] pc=0x0473 op=0x53 target: 0x02C4 ??0x022B
      [REMAP] pc=0x047D op=0x58 target: 0x0119 ??0x0422
      [REMAP] pc=0x04F4 op=0x58 target: 0x02CD ??0x0221
      [REMAP] pc=0x0517 op=0x17 target: 0x03D1 ??0x00EA
      [REMAP] pc=0x0530 op=0x58 target: 0x004B ??0x0517
    [REV] reversed: 218 insts, newCodeLen=1391 (was 1391), offsetMap entries=218
    [OC] oc_key=0x532B190D, codeLen=1391, mapCount=163, reverseOff=2695, keyOff=2696

[*] Injecting 1 functions...
    Payload at file offset: 0x46000, VA: 0x10050000, size: 10436
    VM interp VA: 0x10050000
    [stub_phase_F] bytecode VA: 0x10051E28, len: 2716
    PT_NOTE[1] -> PT_LOAD RX: off=0x46000 va=0x10050000 sz=0x28C4
    [stub_phase_F] Trampoline (72 bytes) + Garbage (576 bytes):
      +00: 0xAA1D03E9
      +04: 0xAA1E03EA
      +08: 0xA9BA7BFD
      +0C: 0x910003FD
      +10: 0xA90107E0
      +14: 0xA9020FE2
      +18: 0xA90317E4
      +1C: 0xA9041FE6
      +20: 0xA9052BE9
      +24: 0x910043E0
      +28: 0xD283C501
      +2C: 0xF2A200A1
      +30: 0xF2C00001
      +34: 0xD2815382
      +38: 0xD28014A3
      +3C: 0x94013A31
      +40: 0xA8C67BFD
      +44: 0xD65F03C0
    [+] stub_phase_F VMP protected

[+] Output: demo\vmp_phF5

[+] VMP ??????!
