========================================
  vmpacker - ARM64 ELF VMP ??????
========================================
[*] ???: demo\demo_stur_call
[*] ???: demo\vmp_stur_call
[*] ??????: [test_call_stur]

[*] ELF: EM_AARCH64, Type: ET_EXEC
[*] VM interp blob: 7744 bytes

[*] Processing: test_call_stur
    Addr: 0x400594, Size: 156 bytes, Section: .text
    Instructions: 39
    Translated: 39/39
    Bytecode: 606 bytes

[*] Injecting 1 functions...
    Payload at file offset: 0x4AB000, VA: 0x4A0000, size: 8376
    VM interp VA: 0x4A0000
    [test_call_stur] bytecode VA: 0x4A1E28, len: 653
    PT_NOTE[2] -> PT_LOAD RX: off=0x4AB000 va=0x4A0000 sz=0x20B8
    [+] test_call_stur VMP protected

[+] Output: demo\vmp_stur_call

[+] VMP ??????!
