========================================
  vmpacker - ARM64 ELF VMP ??????
========================================
[*] ???: demo\demo_insn_ldr_literal
[*] ???: build\demo_insn_ldr_literal_std.vmp
[*] ??????: [test_ldr_literal]

[*] ELF: EM_AARCH64, Type: ET_EXEC
[*] VM interp blob: 7744 bytes

[*] Processing: test_ldr_literal
    Addr: 0x400548, Size: 240 bytes, Section: .text
    Instructions: 60
    --- Disasm ---
    0x0000: STP          raw=0xA9BC7BFD
    0x0004: ADD(imm)     raw=0x910003FD
    0x0008: MOVZ         raw=0x52800020
    0x000C: STR(imm)     raw=0xB9003FA0
    0x0010: MOVZ         raw=0xD29757C0
    0x0014: MOVK         raw=0xF2B95FC0
    0x0018: MOVK         raw=0xF2D7DDE0
    0x001C: MOVK         raw=0xF2FBD5A0
    0x0020: STR(imm)     raw=0xF9001BA0
    0x0024: LDR(imm)     raw=0xF9401BA1
    0x0028: SUBS(reg)    raw=0xEB00003F
    0x002C: B.cond       raw=0x540003E1
    0x0030: MOVZ         raw=0x528ACF00
    0x0034: MOVK         raw=0x72A24680
    0x0038: STR(imm)     raw=0xB9002FA0
    0x003C: LDR(imm)     raw=0xB9402FA1
    0x0040: SUBS(reg)    raw=0x6B00003F
    0x0044: B.cond       raw=0x540003E1
    0x0048: MOVN         raw=0x92800520
    0x004C: STR(imm)     raw=0xF90013A0
    0x0050: LDR(imm)     raw=0xF94013A0
    0x0054: ADDS(imm)    raw=0xB100A81F
    0x0058: B.cond       raw=0x54000401
    0x005C: LDR(imm)     raw=0xB9402FA0
    0x0060: LDR(imm)     raw=0xF9401BA1
    0x0064: EOR(reg)     raw=0xCA008020
    0x0068: STR(imm)     raw=0xF9000FA0
    0x006C: LDR(imm)     raw=0xF94013A2
    0x0070: LDR(imm)     raw=0xB9402FA1
    0x0074: ADD(reg)     raw=0x8B020440
    0x0078: ADD(reg)     raw=0x8B000C40
    0x007C: ORR(reg)     raw=0x2A0103E1
    0x0080: ADD(reg)     raw=0x8B000820
    0x0084: STR(imm)     raw=0xF9000BA0
    0x0088: LDR(imm)     raw=0xF9400FA0
    0x008C: CBNZ         raw=0xB5000080
    0x0090: LDR(imm)     raw=0xF9400BA0
    0x0094: CBNZ         raw=0xB5000040
    0x0098: STR(imm)     raw=0xB9003FBF
    0x009C: LDR(imm)     raw=0xB9403FA0
    0x00A0: LDP          raw=0xA8C47BFD
    0x00A4: RET          raw=0xD65F03C0
    0x00A8: LDR(imm)     raw=0xF9401BA1
    0x00AC: ADRP         raw=0xF00002E0
    0x00B0: ADD(imm)     raw=0x91356000
    0x00B4: BL           raw=0x94001867
    0x00B8: STR(imm)     raw=0xB9003FBF
    0x00BC: B            raw=0x17FFFFDD
    0x00C0: LDR(imm)     raw=0xB9402FA1
    0x00C4: ADRP         raw=0xF00002E0
    0x00C8: ADD(imm)     raw=0x9135C000
    0x00CC: BL           raw=0x94001861
    0x00D0: STR(imm)     raw=0xB9003FBF
    0x00D4: B            raw=0x17FFFFDD
    0x00D8: LDR(imm)     raw=0xF94013A1
    0x00DC: ADRP         raw=0xF00002E0
    0x00E0: ADD(imm)     raw=0x91362000
    0x00E4: BL           raw=0x9400185B
    0x00E8: STR(imm)     raw=0xB9003FBF
    0x00EC: B            raw=0x17FFFFDC
    --- End ---
    Translated: 60/60
    Bytecode: 993 bytes
    [+] Debug: build\demo_insn_ldr_literal_std.vmp.debug.txt
      [REMAP] pc=0x0002 op=0x44 target: 0x00DB ??0x0138
      [REMAP] pc=0x0030 op=0x44 target: 0x00B5 ??0x0164
      [REMAP] pc=0x005E op=0x44 target: 0x0088 ??0x0199
      [REMAP] pc=0x00B6 op=0xBB target: 0x0153 ??0x00A9
      [REMAP] pc=0x00C9 op=0xBB target: 0x0153 ??0x00A9
      [REMAP] pc=0x0138 op=0xBB target: 0x01BB ??0x0030
      [REMAP] pc=0x0164 op=0xBB target: 0x0193 ??0x005E
      [REMAP] pc=0x0199 op=0xBB target: 0x016B ??0x008C
    [REV] reversed: 83 insts, newCodeLen=567 (was 567), offsetMap entries=83
    [OC] oc_key=0xBBEF228E, codeLen=567, mapCount=61, reverseOff=1055, keyOff=1056

[*] Injecting 1 functions...
    Payload at file offset: 0x4AB000, VA: 0x4A0000, size: 8796
    VM interp VA: 0x4A0000
    [test_ldr_literal] bytecode VA: 0x4A1E28, len: 1076
    PT_NOTE[2] -> PT_LOAD RX: off=0x4AB000 va=0x4A0000 sz=0x225C
    [test_ldr_literal] Trampoline (72 bytes) + Garbage (168 bytes):
      +00: 0xAA1D03E9
      +04: 0xAA1E03EA
      +08: 0xA9BA7BFD
      +0C: 0x910003FD
      +10: 0xA90107E0
      +14: 0xA9020FE2
      +18: 0xA90317E4
      +1C: 0xA9041FE6
      +20: 0xA9052BE9
      +24: 0x910043E0
      +28: 0xD283C501
      +2C: 0xF2A00941
      +30: 0xF2C00001
      +34: 0xD2808682
      +38: 0xD28014A3
      +3C: 0x94027E9F
      +40: 0xA8C67BFD
      +44: 0xD65F03C0
    [+] test_ldr_literal VMP protected
    [strip] .note.gnu.build-id cleared (off=0x1B0, sz=36)
    [strip] .comment cleared (off=0x809E0, sz=45)
    [strip] .symtab cleared (off=0x490EC0, sz=76392)
    [strip] .strtab cleared (off=0x4A3928, sz=27494)
[*] Symbols stripped

[+] Output: build\demo_insn_ldr_literal_std.vmp

[+] VMP ??????!
