========================================
  vmpacker - ARM64 ELF VMP ??????
========================================
[*] ???: demo\vmp_test_demo
[*] ???: build\vmp_test_struct.vmp
[*] ??????: [test_struct]

[*] ELF: EM_AARCH64, Type: ET_EXEC
[*] VM interp blob: 7744 bytes

[*] Processing: test_struct
    Addr: 0x400858, Size: 184 bytes, Section: .text
    Instructions: 46
    --- Disasm ---
    0x0000: LDR(imm)     raw=0xB9400002
    0x0004: MOVZ         raw=0x5297DDE1
    0x0008: MOVK         raw=0x72BBD5A1
    0x000C: SUBS(reg)    raw=0x6B01005F
    0x0010: B.cond       raw=0x54000501
    0x0014: SUB(imm)     raw=0xD10043FF
    0x0018: LDRH(imm)    raw=0x79400803
    0x001C: STR(imm)     raw=0xB90007FF
    0x0020: STR(imm)     raw=0xB9000BFF
    0x0024: LDR(imm)     raw=0xB9400BE1
    0x0028: SUBS(reg)    raw=0x6B01007F
    0x002C: B.cond       raw=0x540002EC
    0x0030: B            raw=0x14000019
    0x0034: LDR(imm)     raw=0xB9400BE1
    0x0038: ADD(ext)     raw=0x8B21C001
    0x003C: LDRB(imm)    raw=0x39401821
    0x0040: STRB(imm)    raw=0x39000FE1
    0x0044: LDRB(imm)    raw=0x39400FE1
    0x0048: LDR(imm)     raw=0xB94007E2
    0x004C: ADD(ext)     raw=0x0B210041
    0x0050: STR(imm)     raw=0xB90007E1
    0x0054: LDRB(imm)    raw=0x39400FE1
    0x0058: AND(imm)     raw=0x12001C21
    0x005C: SUBS(imm)    raw=0x7102003F
    0x0060: B.cond       raw=0x54000089
    0x0064: LDR(imm)     raw=0xB94007E1
    0x0068: ADD(imm)     raw=0x11002821
    0x006C: STR(imm)     raw=0xB90007E1
    0x0070: LDR(imm)     raw=0xB9400BE1
    0x0074: ADD(imm)     raw=0x11000421
    0x0078: STR(imm)     raw=0xB9000BE1
    0x007C: LDR(imm)     raw=0xB9400BE1
    0x0080: SUBS(reg)    raw=0x6B03003F
    0x0084: B.cond       raw=0x5400008A
    0x0088: LDR(imm)     raw=0xB9400BE1
    0x008C: SUBS(imm)    raw=0x71003C3F
    0x0090: B.cond       raw=0x54FFFD2D
    0x0094: LDR(imm)     raw=0xB94007E0
    0x0098: UBFM         raw=0x531F7800
    0x009C: SUB(reg)     raw=0x4B030003
    0x00A0: STR(imm)     raw=0xB9000FE3
    0x00A4: LDR(imm)     raw=0xB9400FE0
    0x00A8: ADD(imm)     raw=0x910043FF
    0x00AC: RET          raw=0xD65F03C0
    0x00B0: MOVN         raw=0x12800000
    0x00B4: RET          raw=0xD65F03C0
    --- End ---
    Translated: 46/46
    Bytecode: 720 bytes
    [+] Debug: build\vmp_test_struct.vmp.debug.txt
      [REMAP] pc=0x0046 op=0x47 target: 0x005C ??0x0112
      [REMAP] pc=0x0059 op=0x29 target: 0x0109 ??0x0046
      [REMAP] pc=0x00A1 op=0x53 target: 0x00D4 ??0x0085
      [REMAP] pc=0x0112 op=0x44 target: 0x0109 ??0x0046
      [REMAP] pc=0x0118 op=0x36 target: 0x00F9 ??0x0059
      [REMAP] pc=0x0150 op=0xBB target: 0x013A ??0x000C
    [REV] reversed: 60 insts, newCodeLen=383 (was 383), offsetMap entries=60
    [OC] oc_key=0x986152FF, codeLen=383, mapCount=47, reverseOff=759, keyOff=760

[*] Injecting 1 functions...
    Payload at file offset: 0x4A8000, VA: 0x4A0000, size: 8500
    VM interp VA: 0x4A0000
    [test_struct] bytecode VA: 0x4A1E28, len: 780
    PT_NOTE[2] -> PT_LOAD RX: off=0x4A8000 va=0x4A0000 sz=0x2134
    [test_struct] Trampoline (72 bytes) + Garbage (112 bytes):
      +00: 0xAA1D03E9
      +04: 0xAA1E03EA
      +08: 0xA9BA7BFD
      +0C: 0x910003FD
      +10: 0xA90107E0
      +14: 0xA9020FE2
      +18: 0xA90317E4
      +1C: 0xA9041FE6
      +20: 0xA9052BE9
      +24: 0x910043E0
      +28: 0xD283C501
      +2C: 0xF2A00941
      +30: 0xF2C00001
      +34: 0xD2806182
      +38: 0xD28014A3
      +3C: 0x94027DDB
      +40: 0xA8C67BFD
      +44: 0xD65F03C0
    [+] test_struct VMP protected
    [strip] .note.gnu.build-id cleared (off=0x1B0, sz=36)
    [strip] .comment cleared (off=0x809E0, sz=45)
    [strip] .symtab cleared (off=0x48D060, sz=76344)
    [strip] .strtab cleared (off=0x49FA98, sz=27498)
[*] Symbols stripped

[+] Output: build\vmp_test_struct.vmp

[+] VMP ??????!
