========================================
  vmpacker - ARM64 ELF VMP ??????
========================================
[*] ???: demo\vmp_test_demo
[*] ???: demo\vmp_demo_B
[*] ??????: []

[*] ELF: EM_AARCH64, Type: ET_EXEC
[*] VM interp blob: 7744 bytes

[*] Processing: test_memory
    Addr: 0x4006E0, Size: 176 bytes, Section: .text
    Instructions: 44
    Translated: 44/44
    Bytecode: 688 bytes

[*] Injecting 1 functions...
    Payload at file offset: 0x4A8000, VA: 0x4A0000, size: 8468
    VM interp VA: 0x4A0000
    [test_memory] bytecode VA: 0x4A1E28, len: 746
    PT_NOTE[2] -> PT_LOAD RX: off=0x4A8000 va=0x4A0000 sz=0x2114
    [+] test_memory VMP protected

[+] Output: demo\vmp_demo_B

[+] VMP ??????!
