========================================
  vmpacker - ARM64 ELF VMP ??????
========================================
[*] ???: demo\vmp_test_demo
[*] ???: demo\vmp_demo_C
[*] ??????: []

[*] ELF: EM_AARCH64, Type: ET_EXEC
[*] VM interp blob: 7744 bytes

[*] Processing: test_branch
    Addr: 0x400790, Size: 200 bytes, Section: .text
    Instructions: 50
    Translated: 50/50
    Bytecode: 786 bytes

[*] Injecting 1 functions...
    Payload at file offset: 0x4A8000, VA: 0x4A0000, size: 8572
    VM interp VA: 0x4A0000
    [test_branch] bytecode VA: 0x4A1E28, len: 850
    PT_NOTE[2] -> PT_LOAD RX: off=0x4A8000 va=0x4A0000 sz=0x217C
    [+] test_branch VMP protected

[+] Output: demo\vmp_demo_C

[+] VMP ??????!
