========================================
  vmpacker - ARM64 ELF VMP ??????
========================================
[*] ???: demo\vmp_test_demo
[*] ???: demo\vmp_demo_D
[*] ??????: []

[*] ELF: EM_AARCH64, Type: ET_EXEC
[*] VM interp blob: 7744 bytes

[*] Processing: test_struct
    Addr: 0x400858, Size: 256 bytes, Section: .text
    Instructions: 64
    Translated: 63/64
    Bytecode: 1024 bytes
    [!] Unsupported (1):
        ??? 0x00C0: UNKNOWN(0x4F) (raw=0x58001647) - ????????????
    [+] ?????? debug ???: demo\vmp_demo_D.debug.txt
go : 
???? ?:1 ??: 1
+ go run ./cmd/vmpacke
r -addr "0x400858-0x40
0958:test_struct" -str
ip=fa ...
+ ~~~~~~~~~~~~~~~~~~~~
~~~~~~~~~~~~~~~~~~~~~~
~~~~~~~~~~~~~~~~~~~~~~
~~~~~
    + CategoryInfo    
          : NotSpeci  
  fied: (:String) [   
 ], RemoteExceptio    
n
    + FullyQualifiedE 
   rrorId : NativeCo  
  mmandError
 
[!] ???: translation a
borted: 1 unsupported 
instruction(s) in test
_struct ??cannot produ
ce safe output
exit status 1
